 BIOS-e820: 0000000000010000 - 0000000000095400 (usable)
 BIOS-e820: 0000000000095400 - 00000000000a0000 (reserved)
 BIOS-e820: 00000000000f0000 - 0000000000100000 (reserved)
 BIOS-e820: 0000000000100000 - 000000007f5f0000 (usable)
 BIOS-e820: 000000007f5f0000 - 000000007f62c000 (ACPI data)
 BIOS-e820: 000000007f62c000 - 000000007f62d000 (usable)
 BIOS-e820: 000000007f62d000 - 000000007f79e000 (reserved)
 BIOS-e820: 000000007f79e000 - 000000007f7a0000 (ACPI data)
 BIOS-e820: 000000007f7a0000 - 0000000090000000 (reserved)
 BIOS-e820: 00000000fec00000 - 00000000fee10000 (reserved)
 BIOS-e820: 00000000ff800000 - 0000000100000000 (reserved)
 BIOS-e820: 0000000100000000 - 0000001080000000 (usable)
 BIOS-e820: 0000002000000000 - 0000003000000000 (usable)
 BIOS-e820: 0000004000000000 - 0000005000000000 (usable)
 BIOS-e820: 0000006000000000 - 0000007000000000 (usable)
 BIOS-e820: 0000008000000000 - 0000009000000000 (usable)
 BIOS-e820: 000000a000000000 - 000000b000000000 (usable)
 BIOS-e820: 000000c000000000 - 000000d000000000 (usable)
 BIOS-e820: 000000e000000000 - 000000f000000000 (usable)
